[www.ccanpeoplesmovement.com/index.html]
[backblue.gif]
[fade.gif]
[index.html]
[www.ccanpeoplesmovement.com/sitemap.xml]
[www.ccanpeoplesmovement.com/about-us.html]
[www.ccanpeoplesmovement.com/our-beliefs.html]
[www.ccanpeoplesmovement.com/community-programs.html]
[www.ccanpeoplesmovement.com/get-involved.html]
[www.ccanpeoplesmovement.com/contact.html]
[www.ccanpeoplesmovement.com/useful-information.html]
[www.ccanpeoplesmovement.com/documents-manuals.html]
[www.ccanpeoplesmovement.com/ccan-knights.html]
[www.ccanpeoplesmovement.com/index.html]
[www.ccanpeoplesmovement.com/about-us.html]
[www.ccanpeoplesmovement.com/our-beliefs.html]
[www.ccanpeoplesmovement.com/community-programs.html]
[www.ccanpeoplesmovement.com/get-involved.html]
[www.ccanpeoplesmovement.com/contact.html]
[www.ccanpeoplesmovement.com/useful-information.html]
[www.ccanpeoplesmovement.com/documents-manuals.html]
[www.ccanpeoplesmovement.com/ccan-knights.html]
[www.ccanpeoplesmovement.com/events-flyers.html]
[www.ccanpeoplesmovement.com/_downloads/Ccan Flyer Gold Eng Pdf.pdf]
[www.ccanpeoplesmovement.com/_downloads/Scottish Flyer Copy Pdf.pdf]
[www.ccanpeoplesmovement.com/events-flyers.html]
[www.ccanpeoplesmovement.com/_downloads/Ccan Flyer 1 Pdf.pdf]
