\BOOKMARK [0][-]{chapter.1}{\376\377\000D\000o\000c\000u\000m\000e\000n\000t\000\040\000I\000n\000f\000o\000r\000m\000a\000t\000i\000o\000n}{}% 1
\BOOKMARK [1][-]{section.1.1}{\376\377\000R\000e\000l\000e\000a\000s\000e\000\040\000N\000o\000t\000e\000s}{chapter.1}% 2
\BOOKMARK [1][-]{section.1.2}{\376\377\000P\000u\000r\000p\000o\000s\000e}{chapter.1}% 3
\BOOKMARK [1][-]{section.1.3}{\376\377\000S\000t\000a\000n\000d\000a\000r\000d\000i\000s\000e\000d\000\040\000T\000a\000s\000k\000\040\000D\000o\000c\000u\000m\000e\000n\000t\000a\000t\000i\000o\000n\000\040\000P\000r\000o\000t\000o\000c\000o\000l}{chapter.1}% 4
\BOOKMARK [1][-]{section.1.4}{\376\377\000B\000a\000c\000k\000g\000r\000o\000u\000n\000d}{chapter.1}% 5
\BOOKMARK [2][-]{subsection.1.4.1}{\376\377\000C\000u\000r\000r\000e\000n\000t\000\040\000S\000t\000a\000t\000e}{section.1.4}% 6
\BOOKMARK [2][-]{subsection.1.4.2}{\376\377\000E\000n\000d\000p\000o\000i\000n\000t\000\040\000I\000n\000v\000e\000n\000t\000o\000r\000y}{section.1.4}% 7
\BOOKMARK [1][-]{section.1.5}{\376\377\000O\000b\000j\000e\000c\000t\000i\000v\000e\000s}{chapter.1}% 8
\BOOKMARK [2][-]{subsection.1.5.1}{\376\377\000P\000r\000i\000m\000a\000r\000y\000\040\000O\000b\000j\000e\000c\000t\000i\000v\000e\000s}{section.1.5}% 9
\BOOKMARK [2][-]{subsection.1.5.2}{\376\377\000S\000e\000c\000o\000n\000d\000a\000r\000y\000\040\000O\000b\000j\000e\000c\000t\000i\000v\000e\000s}{section.1.5}% 10
\BOOKMARK [1][-]{section.1.6}{\376\377\000C\000o\000n\000s\000t\000r\000a\000i\000n\000t\000s}{chapter.1}% 11
\BOOKMARK [2][-]{subsection.1.6.1}{\376\377\000T\000e\000c\000h\000n\000i\000c\000a\000l\000\040\000C\000o\000n\000s\000t\000r\000a\000i\000n\000t\000s}{section.1.6}% 12
\BOOKMARK [2][-]{subsection.1.6.2}{\376\377\000O\000p\000e\000r\000a\000t\000i\000o\000n\000a\000l\000\040\000C\000o\000n\000s\000t\000r\000a\000i\000n\000t\000s}{section.1.6}% 13
\BOOKMARK [2][-]{subsection.1.6.3}{\376\377\000D\000o\000c\000u\000m\000e\000n\000t\000a\000t\000i\000o\000n\000\040\000C\000o\000n\000s\000t\000r\000a\000i\000n\000t\000s}{section.1.6}% 14
\BOOKMARK [1][-]{section.1.7}{\376\377\000S\000c\000o\000p\000e}{chapter.1}% 15
\BOOKMARK [2][-]{subsection.1.7.1}{\376\377\000I\000n\000\040\000S\000c\000o\000p\000e}{section.1.7}% 16
\BOOKMARK [2][-]{subsection.1.7.2}{\376\377\000O\000u\000t\000\040\000o\000f\000\040\000S\000c\000o\000p\000e}{section.1.7}% 17
\BOOKMARK [1][-]{section.1.8}{\376\377\000Q\000u\000a\000l\000i\000t\000y\000\040\000S\000t\000a\000n\000d\000a\000r\000d\000s}{chapter.1}% 18
\BOOKMARK [2][-]{subsection.1.8.1}{\376\377\000S\000c\000r\000i\000p\000t\000\040\000Q\000u\000a\000l\000i\000t\000y}{section.1.8}% 19
\BOOKMARK [2][-]{subsection.1.8.2}{\376\377\000G\000i\000t\000\040\000W\000o\000r\000k\000f\000l\000o\000w\000\040\000Q\000u\000a\000l\000i\000t\000y}{section.1.8}% 20
\BOOKMARK [2][-]{subsection.1.8.3}{\376\377\000D\000o\000c\000u\000m\000e\000n\000t\000a\000t\000i\000o\000n\000\040\000Q\000u\000a\000l\000i\000t\000y}{section.1.8}% 21
\BOOKMARK [1][-]{section.1.9}{\376\377\000A\000p\000p\000r\000o\000v\000a\000l}{chapter.1}% 22
\BOOKMARK [2][-]{subsection.1.9.1}{\376\377\000S\000i\000g\000n\000-\000o\000f\000f}{section.1.9}% 23
\BOOKMARK [1][-]{section.1.10}{\376\377\000D\000o\000c\000u\000m\000e\000n\000t\000\040\000A\000u\000t\000h\000o\000r\000\050\000s\000\051\000:}{chapter.1}% 24
