\BOOKMARK [0][-]{chapter.1}{\376\377\000R\000e\000l\000e\000a\000s\000e\000\040\000N\000o\000t\000e\000s\000\040\000a\000n\000d\000\040\000N\000o\000t\000i\000c\000e\000s}{}% 1
\BOOKMARK [1][-]{section.1.1}{\376\377\000T\000h\000i\000s\000\040\000R\000e\000l\000e\000a\000s\000e\000\040\000\050\0000\000.\0001\000.\0000\000\051}{chapter.1}% 2
\BOOKMARK [2][-]{subsection.1.1.1}{\376\377\000O\000l\000d\000e\000r\000\040\000V\000e\000r\000s\000i\000o\000n\000s}{section.1.1}% 3
\BOOKMARK [2][-]{subsection.1.1.2}{\376\377\000N\000o\000t\000i\000c\000e\000s}{section.1.1}% 4
\BOOKMARK [0][-]{chapter.2}{\376\377\000P\000r\000o\000j\000e\000c\000t\000\040\000M\000a\000n\000d\000a\000t\000e}{}% 5
\BOOKMARK [1][-]{section.2.1}{\376\377\000P\000u\000r\000p\000o\000s\000e}{chapter.2}% 6
\BOOKMARK [1][-]{section.2.2}{\376\377\000B\000a\000c\000k\000g\000r\000o\000u\000n\000d}{chapter.2}% 7
\BOOKMARK [1][-]{section.2.3}{\376\377\000O\000b\000j\000e\000c\000t\000i\000v\000e\000s}{chapter.2}% 8
\BOOKMARK [1][-]{section.2.4}{\376\377\000S\000c\000o\000p\000e}{chapter.2}% 9
\BOOKMARK [1][-]{section.2.5}{\376\377\000C\000o\000n\000s\000t\000r\000a\000i\000n\000t\000s}{chapter.2}% 10
\BOOKMARK [1][-]{section.2.6}{\376\377\000S\000t\000a\000k\000e\000h\000o\000l\000d\000e\000r\000s}{chapter.2}% 11
\BOOKMARK [0][-]{chapter.3}{\376\377\000P\000r\000o\000j\000e\000c\000t\000\040\000B\000r\000i\000e\000f}{}% 12
\BOOKMARK [1][-]{section.3.1}{\376\377\000P\000r\000o\000j\000e\000c\000t\000\040\000D\000e\000f\000i\000n\000i\000t\000i\000o\000n}{chapter.3}% 13
\BOOKMARK [1][-]{section.3.2}{\376\377\000B\000u\000s\000i\000n\000e\000s\000s\000\040\000C\000a\000s\000e}{chapter.3}% 14
\BOOKMARK [1][-]{section.3.3}{\376\377\000P\000r\000o\000j\000e\000c\000t\000\040\000Q\000u\000a\000l\000i\000t\000y\000\040\000M\000a\000n\000a\000g\000e\000m\000e\000n\000t}{chapter.3}% 15
\BOOKMARK [1][-]{section.3.4}{\376\377\000P\000r\000o\000j\000e\000c\000t\000\040\000T\000e\000a\000m\000\040\000S\000t\000r\000u\000c\000t\000u\000r\000e}{chapter.3}% 16
\BOOKMARK [1][-]{section.3.5}{\376\377\000P\000r\000o\000j\000e\000c\000t\000\040\000A\000p\000p\000r\000o\000a\000c\000h}{chapter.3}% 17
\BOOKMARK [0][-]{chapter.4}{\376\377\000P\000r\000o\000j\000e\000c\000t\000\040\000P\000l\000a\000n}{}% 18
\BOOKMARK [1][-]{section.4.1}{\376\377\000D\000e\000s\000c\000r\000i\000p\000t\000i\000o\000n}{chapter.4}% 19
\BOOKMARK [2][-]{subsection.4.1.1}{\376\377\000S\000t\000a\000g\000e\000\040\0001\000:\000\040\000D\000o\000c\000u\000m\000e\000n\000t\000a\000t\000i\000o\000n\000\040\000\046\000\040\000I\000n\000i\000t\000i\000a\000l\000\040\000F\000i\000l\000i\000n\000g\000\040\000\050\000C\000o\000m\000p\000l\000e\000t\000e\000\051}{section.4.1}% 20
\BOOKMARK [2][-]{subsection.4.1.2}{\376\377\000S\000t\000a\000g\000e\000\040\0002\000:\000\040\000F\000o\000r\000m\000a\000l\000\040\000E\000s\000c\000a\000l\000a\000t\000i\000o\000n\000\040\000\050\000C\000u\000r\000r\000e\000n\000t\000\051}{section.4.1}% 21
\BOOKMARK [2][-]{subsection.4.1.3}{\376\377\000S\000t\000a\000g\000e\000\040\0003\000:\000\040\000L\000e\000g\000a\000l\000/\000O\000m\000b\000u\000d\000s\000m\000a\000n\000\040\000R\000e\000s\000o\000l\000u\000t\000i\000o\000n\000\040\000\050\000S\000c\000h\000e\000d\000u\000l\000e\000d\000\040\000f\000o\000r\000\040\000Q\0003\000\040\0002\0000\0002\0006\000\051}{section.4.1}% 22
\BOOKMARK [1][-]{section.4.2}{\376\377\000P\000l\000a\000n\000n\000i\000n\000g\000\040\000A\000s\000s\000u\000m\000p\000t\000i\000o\000n\000s}{chapter.4}% 23
\BOOKMARK [1][-]{section.4.3}{\376\377\000M\000o\000n\000i\000t\000o\000r\000i\000n\000g\000\040\000a\000n\000d\000\040\000C\000o\000n\000t\000r\000o\000l}{chapter.4}% 24
\BOOKMARK [0][-]{chapter.5}{\376\377\000H\000i\000g\000h\000l\000i\000g\000h\000t\000\040\000R\000e\000p\000o\000r\000t}{}% 25
\BOOKMARK [1][-]{section.5.1}{\376\377\000S\000u\000m\000m\000a\000r\000y\000\040\000o\000f\000\040\000I\000n\000s\000t\000i\000t\000u\000t\000i\000o\000n\000a\000l\000\040\000P\000o\000s\000i\000t\000i\000o\000n\000s}{chapter.5}% 26
\BOOKMARK [1][-]{section.5.2}{\376\377\000P\000r\000o\000g\000r\000e\000s\000s\000\040\000t\000h\000i\000s\000\040\000P\000e\000r\000i\000o\000d}{chapter.5}% 27
\BOOKMARK [1][-]{section.5.3}{\376\377\000I\000s\000s\000u\000e\000s\000\040\000a\000n\000d\000\040\000R\000i\000s\000k\000s}{chapter.5}% 28
\BOOKMARK [1][-]{section.5.4}{\376\377\000A\000c\000t\000i\000o\000n\000s\000\040\000f\000o\000r\000\040\000N\000e\000x\000t\000\040\000P\000e\000r\000i\000o\000d}{chapter.5}% 29
\BOOKMARK [0][-]{chapter.6}{\376\377\000D\000o\000c\000u\000m\000e\000n\000t\000\040\000A\000u\000t\000h\000o\000r\000\050\000s\000\051\000:}{}% 30
\BOOKMARK [1][-]{section.6.1}{\376\377\000S\000i\000o\000n\000\040\000B\000u\000c\000k\000l\000e\000r\000\040\000\050\000E\000x\000e\000c\000u\000t\000o\000r\000\040\000o\000f\000\040\000M\000a\000n\000o\000r\000\040\000o\000f\000\040\000L\000l\000a\000n\000d\000o\000u\000g\000h\000\051}{chapter.6}% 31
\BOOKMARK [0][-]{chapter.7}{\376\377\000P\000r\000o\000j\000e\000c\000t\000\040\000B\000o\000a\000r\000d\000:}{}% 32
\BOOKMARK [1][-]{section.7.1}{\376\377\000H\000e\000i\000r\000s\000\040\000o\000f\000\040\000M\000a\000r\000y\000\040\000W\000i\000l\000l\000i\000a\000m\000s}{chapter.7}% 33
