\BOOKMARK [0][-]{chapter.1}{\376\377\000D\000o\000c\000u\000m\000e\000n\000t\000\040\000I\000n\000f\000o\000r\000m\000a\000t\000i\000o\000n}{}% 1
\BOOKMARK [1][-]{section.1.1}{\376\377\000R\000e\000l\000e\000a\000s\000e\000\040\000N\000o\000t\000e\000s}{chapter.1}% 2
\BOOKMARK [2][-]{subsection.1.1.1}{\376\377\0000\000.\0000\000.\0000\000\040\000\050\000A\000p\000r\000\040\0000\0007\000,\000\040\0002\0000\0002\0006\000\051}{section.1.1}% 3
\BOOKMARK [1][-]{section.1.2}{\376\377\000E\000x\000e\000c\000u\000t\000i\000v\000e\000\040\000S\000u\000m\000m\000a\000r\000y}{chapter.1}% 4
\BOOKMARK [1][-]{section.1.3}{\376\377\000P\000r\000o\000p\000o\000s\000e\000d\000\040\000S\000o\000l\000u\000t\000i\000o\000n}{chapter.1}% 5
\BOOKMARK [2][-]{subsection.1.3.1}{\376\377\000A\000r\000c\000h\000i\000t\000e\000c\000t\000u\000r\000e}{section.1.3}% 6
\BOOKMARK [2][-]{subsection.1.3.2}{\376\377\000C\000o\000m\000p\000o\000n\000e\000n\000t\000\040\000D\000e\000s\000i\000g\000n}{section.1.3}% 7
\BOOKMARK [3][-]{subsubsection*.3}{\376\377\0001\000.\000\040\000S\000y\000n\000c\000\040\000S\000c\000r\000i\000p\000t\000\040\000\050\000r\000e\000p\000o\000-\000s\000y\000n\000c\000.\000s\000h\000\051}{subsection.1.3.2}% 8
\BOOKMARK [3][-]{subsubsection*.4}{\376\377\0002\000.\000\040\000T\000e\000l\000e\000g\000r\000a\000m\000\040\000N\000o\000t\000i\000f\000i\000c\000a\000t\000i\000o\000n}{subsection.1.3.2}% 9
\BOOKMARK [3][-]{subsubsection*.5}{\376\377\0003\000.\000\040\000A\000g\000e\000n\000t\000\040\000F\000a\000l\000l\000b\000a\000c\000k\000\040\000\050\000r\000e\000p\000o\000-\000s\000y\000n\000c\000-\000a\000g\000e\000n\000t\000.\000s\000h\000\051}{subsection.1.3.2}% 10
\BOOKMARK [3][-]{subsubsection*.6}{\376\377\0004\000.\000\040\000C\000r\000o\000n\000\040\000O\000r\000c\000h\000e\000s\000t\000r\000a\000t\000i\000o\000n}{subsection.1.3.2}% 11
\BOOKMARK [3][-]{subsubsection*.7}{\376\377\0005\000.\000\040\000R\000e\000p\000o\000s\000i\000t\000o\000r\000y\000\040\000T\000r\000a\000c\000k\000i\000n\000g}{subsection.1.3.2}% 12
\BOOKMARK [2][-]{subsection.1.3.3}{\376\377\000D\000a\000t\000a\000\040\000F\000l\000o\000w}{section.1.3}% 13
\BOOKMARK [1][-]{section.1.4}{\376\377\000W\000o\000r\000k\000\040\000P\000a\000c\000k\000a\000g\000e\000s}{chapter.1}% 14
\BOOKMARK [1][-]{section.1.5}{\376\377\000T\000i\000m\000e\000l\000i\000n\000e}{chapter.1}% 15
\BOOKMARK [1][-]{section.1.6}{\376\377\000D\000e\000l\000i\000v\000e\000r\000a\000b\000l\000e\000s}{chapter.1}% 16
\BOOKMARK [1][-]{section.1.7}{\376\377\000R\000i\000s\000k\000s\000\040\000a\000n\000d\000\040\000M\000i\000t\000i\000g\000a\000t\000i\000o\000n\000s}{chapter.1}% 17
\BOOKMARK [1][-]{section.1.8}{\376\377\000A\000p\000p\000r\000o\000v\000a\000l}{chapter.1}% 18
\BOOKMARK [2][-]{subsection.1.8.1}{\376\377\000S\000i\000g\000n\000-\000o\000f\000f}{section.1.8}% 19
\BOOKMARK [1][-]{section.1.9}{\376\377\000D\000o\000c\000u\000m\000e\000n\000t\000\040\000A\000u\000t\000h\000o\000r\000\050\000s\000\051\000:}{chapter.1}% 20
