[2026-04-10 12:26:14] === DATRO Flywheel Starting ===
[2026-04-10 12:26:14] Step 1: Syncing with remote...
[2026-04-10 12:26:14] Sync warning: 
[2026-04-10 12:26:14] Step 2: Analyzing repository for issues...
[2026-04-10 12:26:30] Top issue: Unsafe innerHTML in index.html (severity: 6)
[2026-04-10 12:26:30] Step 3: Generating fix plan...
[2026-04-10 12:26:30] Planner failed: Traceback (most recent call last):
  File "/home/ubuntu/datro-clone/planner/fixer.py", line 115, in <module>
    main()
  File "/home/ubuntu/datro-clone/planner/fixer.py", line 99, in main
    top_issue = issues[0]
                ~~~~~~^^^
KeyError: 0

[2026-04-10 12:26:40] === DATRO Flywheel Starting ===
[2026-04-10 12:26:40] Step 1: Syncing with remote...
[2026-04-10 12:26:41] Sync warning: 
[2026-04-10 12:26:41] Step 2: Analyzing repository for issues...
[2026-04-10 12:26:55] Top issue: Unsafe innerHTML in index.html (severity: 6)
[2026-04-10 12:26:55] Step 3: Generating fix plan...
[2026-04-10 12:26:56] Step 4: Creating branch auto/fix-security-html-index...
[2026-04-10 12:26:56] Branch creation failed: 
[2026-04-10 12:28:01] === DATRO Flywheel Starting ===
[2026-04-10 12:28:01] Step 1: Syncing with remote...
[2026-04-10 12:28:04] Step 2: Analyzing repository for issues...
[2026-04-10 12:28:21] === DATRO Flywheel Starting ===
[2026-04-10 12:28:21] Step 1: Syncing with remote...
[2026-04-10 12:28:24] Step 2: Analyzing repository for issues...
[2026-04-10 12:28:38] Top issue: Unsafe innerHTML in index.html (severity: 6)
[2026-04-10 12:28:38] Step 3: Generating fix plan...
[2026-04-10 12:28:38] Step 4: Creating branch auto/fix-security-html-index...
[2026-04-10 12:28:38] Step 5: Applying fix...
[2026-04-10 12:28:38] Applied changes to 0 files
[2026-04-10 12:28:38] Step 6: Validating changes...
[2026-04-10 12:28:44] Step 7: Committing and pushing...
[2026-04-10 12:29:03] === DATRO Flywheel Starting ===
[2026-04-10 12:29:03] Step 1: Syncing with remote...
[2026-04-10 12:29:06] Step 2: Analyzing repository for issues...
[2026-04-10 12:29:18] Top issue: Unsafe innerHTML in index.html (severity: 6)
[2026-04-10 12:29:18] Step 3: Generating fix plan...
[2026-04-10 12:29:18] Step 4: Creating branch auto/fix-security-html-index...
[2026-04-10 12:29:18] Step 5: Applying fix...
[2026-04-10 12:29:18] Applied changes to 0 files
[2026-04-10 12:29:18] Step 6: Validating changes...
[2026-04-10 12:29:20] Step 7: Committing and pushing...
[2026-04-10 12:29:21] === Flywheel cycle complete: auto/fix-security-html-index pushed ===
[2026-04-10 18:00:02] === DATRO Flywheel Starting ===
[2026-04-10 18:00:02] === DATRO Flywheel Starting ===
[2026-04-10 18:00:02] Step 1: Syncing with remote...
[2026-04-10 18:00:02] Step 1: Syncing with remote...
[2026-04-10 18:00:02] Sync warning: [Errno 13] Permission denied: ''
[2026-04-10 18:00:02] Sync warning: [Errno 13] Permission denied: ''
[2026-04-10 18:00:02] Step 2: Analyzing repository for issues...
[2026-04-10 18:00:02] Step 2: Analyzing repository for issues...
[2026-04-10 18:00:02] Analysis failed: [Errno 13] Permission denied: ''
[2026-04-10 18:00:02] Analysis failed: [Errno 13] Permission denied: ''
[2026-04-11 02:53:14] === DATRO Flywheel Starting ===
[2026-04-11 02:53:14] === DATRO Flywheel Starting ===
[2026-04-11 02:53:14] Step 1: Syncing with remote...
[2026-04-11 02:53:14] Step 1: Syncing with remote...
[2026-04-11 02:53:16] Step 2: Analyzing repository for issues...
[2026-04-11 02:53:16] Step 2: Analyzing repository for issues...
[2026-04-11 02:53:28] Top issue: Unsafe innerHTML in index.html (severity: 6)
[2026-04-11 02:53:28] Top issue: Unsafe innerHTML in index.html (severity: 6)
[2026-04-11 02:53:28] Step 3: Generating fix plan...
[2026-04-11 02:53:28] Step 3: Generating fix plan...
[2026-04-11 02:53:28] Step 4: Creating branch auto/fix-security-html-index...
[2026-04-11 02:53:28] Step 4: Creating branch auto/fix-security-html-index...
[2026-04-11 02:53:28] Step 5: Applying fix...
[2026-04-11 02:53:28] Step 5: Applying fix...
[2026-04-11 02:53:28] Applied changes to 0 files
[2026-04-11 02:53:28] Applied changes to 0 files
[2026-04-11 02:53:28] Step 6: Validating changes...
[2026-04-11 02:53:28] Step 6: Validating changes...
[2026-04-11 02:53:29] Step 7: Committing and pushing...
[2026-04-11 02:53:29] Step 7: Committing and pushing...
[2026-04-11 02:53:29] === Flywheel cycle complete: auto/fix-security-html-index pushed ===
[2026-04-11 02:53:29] === Flywheel cycle complete: auto/fix-security-html-index pushed ===
