[2026-04-09 02:05:27] === Starting FCUK sync ===
[2026-04-09 02:05:27] Fetching remote...
[2026-04-09 02:05:28] Already up to date
[2026-04-09 02:05:28] Running npm build...
[2026-04-09 02:05:44] Syncing files to static/fcuk...
[2026-04-09 02:05:44] Copied 10 files to static/fcuk
[2026-04-09 02:05:44] Sync completed (628K)
[2026-04-09 02:05:44] Files in static/fcuk: 10 items
[2026-04-09 02:10:24] === Starting FCUK sync ===
[2026-04-09 02:10:24] Fetching remote...
[2026-04-09 02:10:26] Already up to date
[2026-04-09 02:10:26] Running npm build...
[2026-04-09 02:11:02] Syncing files to static/fcuk...
[2026-04-09 02:11:02] Copied 10 files to static/fcuk
[2026-04-09 02:11:02] Sync completed (632K)
[2026-04-09 02:11:02] Files in static/fcuk: 10 items
[2026-04-09 02:15:28] === Starting FCUK sync ===
[2026-04-09 02:15:28] Fetching remote...
[2026-04-09 02:15:29] Already up to date
[2026-04-09 02:15:29] Running npm build...
[2026-04-09 02:15:58] Syncing files to static/fcuk...
[2026-04-09 02:15:58] Copied 10 files to static/fcuk
[2026-04-09 02:15:58] Sync completed (632K)
[2026-04-09 02:15:58] Files in static/fcuk: 10 items
[2026-04-09 02:20:32] === Starting FCUK sync ===
[2026-04-09 02:20:32] Fetching remote...
[2026-04-09 02:20:33] Remote has new changes, resetting to origin...
[2026-04-09 02:20:33] Running npm build...
[2026-04-09 02:21:07] Syncing files to static/fcuk...
[2026-04-09 02:21:07] Copied 10 files to static/fcuk
[2026-04-09 02:21:07] Sync completed (640K)
[2026-04-09 02:21:07] Files in static/fcuk: 10 items
[2026-04-09 02:25:32] === Starting FCUK sync ===
[2026-04-09 02:25:32] Fetching remote...
[2026-04-09 02:25:33] Already up to date
[2026-04-09 02:25:33] Running npm build...
[2026-04-09 02:26:00] Syncing files to static/fcuk...
[2026-04-09 02:26:00] Copied 10 files to static/fcuk
[2026-04-09 02:26:00] Sync completed (640K)
[2026-04-09 02:26:00] Files in static/fcuk: 10 items
[2026-04-09 02:30:34] === Starting FCUK sync ===
[2026-04-09 02:30:34] Fetching remote...
[2026-04-09 02:30:35] Already up to date
[2026-04-09 02:30:35] Running npm build...
[2026-04-09 02:31:01] Syncing files to static/fcuk...
[2026-04-09 02:31:01] Copied 10 files to static/fcuk
[2026-04-09 02:31:02] Sync completed (640K)
[2026-04-09 02:31:02] Files in static/fcuk: 10 items
[2026-04-09 02:35:35] === Starting FCUK sync ===
[2026-04-09 02:35:35] Fetching remote...
[2026-04-09 02:35:35] Already up to date
[2026-04-09 02:35:35] Running npm build...
[2026-04-09 02:36:09] Syncing files to static/fcuk...
[2026-04-09 02:36:09] Copied 10 files to static/fcuk
[2026-04-09 02:36:09] Sync completed (640K)
[2026-04-09 02:36:09] Files in static/fcuk: 10 items
[2026-04-09 02:40:37] === Starting FCUK sync ===
[2026-04-09 02:40:37] Fetching remote...
[2026-04-09 02:40:39] Already up to date
[2026-04-09 02:40:39] Running npm build...
[2026-04-09 02:41:07] Syncing files to static/fcuk...
[2026-04-09 02:41:07] Copied 10 files to static/fcuk
[2026-04-09 02:41:07] Sync completed (640K)
[2026-04-09 02:41:07] Files in static/fcuk: 10 items
[2026-04-09 02:45:38] === Starting FCUK sync from auto-sync-ui ===
[2026-04-09 02:45:38] Fetching remote auto-sync-ui...
