\BOOKMARK [0][-]{chapter.1}{\376\377\000D\000o\000c\000u\000m\000e\000n\000t\000\040\000I\000n\000f\000o\000r\000m\000a\000t\000i\000o\000n}{}% 1
\BOOKMARK [1][-]{section.1.1}{\376\377\000R\000e\000l\000e\000a\000s\000e\000\040\000N\000o\000t\000e\000s}{chapter.1}% 2
\BOOKMARK [2][-]{subsection.1.1.1}{\376\377\0000\000.\0000\000.\0000\000\040\000\050\000A\000p\000r\000\040\0000\0007\000,\000\040\0002\0000\0002\0006\000\051}{section.1.1}% 3
\BOOKMARK [1][-]{section.1.2}{\376\377\000I\000n\000t\000r\000o\000d\000u\000c\000t\000i\000o\000n}{chapter.1}% 4
\BOOKMARK [2][-]{subsection.1.2.1}{\376\377\000P\000r\000o\000j\000e\000c\000t\000\040\000S\000u\000m\000m\000a\000r\000y}{section.1.2}% 5
\BOOKMARK [2][-]{subsection.1.2.2}{\376\377\000R\000e\000s\000o\000u\000r\000c\000e\000\040\000A\000s\000s\000i\000g\000n\000m\000e\000n\000t}{section.1.2}% 6
\BOOKMARK [1][-]{section.1.3}{\376\377\000P\000h\000a\000s\000e\000\040\0001\000:\000\040\000S\000y\000n\000c\000\040\000I\000n\000f\000r\000a\000s\000t\000r\000u\000c\000t\000u\000r\000e}{chapter.1}% 7
\BOOKMARK [2][-]{subsection.1.3.1}{\376\377\000T\000a\000s\000k\000\040\000B\000r\000e\000a\000k\000d\000o\000w\000n}{section.1.3}% 8
\BOOKMARK [2][-]{subsection.1.3.2}{\376\377\000P\000h\000a\000s\000e\000\040\0001\000\040\000O\000u\000t\000c\000o\000m\000e}{section.1.3}% 9
\BOOKMARK [1][-]{section.1.4}{\376\377\000P\000h\000a\000s\000e\000\040\0002\000:\000\040\000D\000o\000c\000u\000m\000e\000n\000t\000a\000t\000i\000o\000n\000\040\000a\000n\000d\000\040\000P\000u\000b\000l\000i\000c\000a\000t\000i\000o\000n}{chapter.1}% 10
\BOOKMARK [2][-]{subsection.1.4.1}{\376\377\000T\000a\000s\000k\000\040\000B\000r\000e\000a\000k\000d\000o\000w\000n}{section.1.4}% 11
\BOOKMARK [2][-]{subsection.1.4.2}{\376\377\000D\000e\000l\000i\000v\000e\000r\000a\000b\000l\000e\000\040\000P\000a\000t\000h\000s}{section.1.4}% 12
\BOOKMARK [1][-]{section.1.5}{\376\377\000P\000r\000o\000g\000r\000e\000s\000s\000\040\000T\000r\000a\000c\000k\000i\000n\000g}{chapter.1}% 13
\BOOKMARK [2][-]{subsection.1.5.1}{\376\377\000M\000e\000t\000h\000o\000d}{section.1.5}% 14
\BOOKMARK [2][-]{subsection.1.5.2}{\376\377\000P\000r\000o\000g\000r\000e\000s\000s\000\040\000T\000a\000b\000l\000e}{section.1.5}% 15
\BOOKMARK [1][-]{section.1.6}{\376\377\000S\000u\000c\000c\000e\000s\000s\000\040\000C\000r\000i\000t\000e\000r\000i\000a}{chapter.1}% 16
\BOOKMARK [2][-]{subsection.1.6.1}{\376\377\000P\000h\000a\000s\000e\000\040\0001\000\040\000S\000u\000c\000c\000e\000s\000s\000\040\000C\000r\000i\000t\000e\000r\000i\000a}{section.1.6}% 17
\BOOKMARK [2][-]{subsection.1.6.2}{\376\377\000P\000h\000a\000s\000e\000\040\0002\000\040\000S\000u\000c\000c\000e\000s\000s\000\040\000C\000r\000i\000t\000e\000r\000i\000a}{section.1.6}% 18
\BOOKMARK [2][-]{subsection.1.6.3}{\376\377\000F\000u\000l\000l\000\040\000P\000r\000o\000j\000e\000c\000t\000\040\000S\000u\000c\000c\000e\000s\000s\000\040\000C\000r\000i\000t\000e\000r\000i\000a}{section.1.6}% 19
\BOOKMARK [1][-]{section.1.7}{\376\377\000I\000s\000s\000u\000e\000\040\000M\000a\000n\000a\000g\000e\000m\000e\000n\000t}{chapter.1}% 20
\BOOKMARK [2][-]{subsection.1.7.1}{\376\377\000O\000p\000e\000n\000\040\000I\000s\000s\000u\000e\000s}{section.1.7}% 21
\BOOKMARK [2][-]{subsection.1.7.2}{\376\377\000R\000e\000s\000o\000l\000v\000e\000d\000\040\000I\000s\000s\000u\000e\000s}{section.1.7}% 22
\BOOKMARK [1][-]{section.1.8}{\376\377\000D\000o\000c\000u\000m\000e\000n\000t\000\040\000A\000u\000t\000h\000o\000r\000\050\000s\000\051\000:}{chapter.1}% 23
