\BOOKMARK [0][-]{chapter.1}{\376\377\000D\000o\000c\000u\000m\000e\000n\000t\000\040\000I\000n\000f\000o\000r\000m\000a\000t\000i\000o\000n}{}% 1
\BOOKMARK [1][-]{section.1.1}{\376\377\000R\000e\000l\000e\000a\000s\000e\000\040\000N\000o\000t\000e\000s}{chapter.1}% 2
\BOOKMARK [2][-]{subsection.1.1.1}{\376\377\0000\000.\0000\000.\0000\000\040\000\050\000A\000p\000r\000\040\0000\0007\000,\000\040\0002\0000\0002\0006\000\051}{section.1.1}% 3
\BOOKMARK [1][-]{section.1.2}{\376\377\000P\000r\000o\000j\000e\000c\000t\000\040\000S\000u\000m\000m\000a\000r\000y}{chapter.1}% 4
\BOOKMARK [2][-]{subsection.1.2.1}{\376\377\000O\000v\000e\000r\000v\000i\000e\000w}{section.1.2}% 5
\BOOKMARK [2][-]{subsection.1.2.2}{\376\377\000S\000c\000o\000p\000e\000\040\000v\000s\000\040\000A\000c\000t\000u\000a\000l\000s}{section.1.2}% 6
\BOOKMARK [1][-]{section.1.3}{\376\377\000O\000u\000t\000c\000o\000m\000e\000s\000\040\000v\000s\000\040\000P\000l\000a\000n}{chapter.1}% 7
\BOOKMARK [2][-]{subsection.1.3.1}{\376\377\000W\000P\0001\000:\000\040\000S\000y\000n\000c\000\040\000S\000c\000r\000i\000p\000t\000\040\000D\000e\000v\000e\000l\000o\000p\000m\000e\000n\000t\000\040\000a\000n\000d\000\040\000D\000e\000p\000l\000o\000y\000m\000e\000n\000t\000\040\000\050\0002\0005\000\045\000\040\000e\000f\000f\000o\000r\000t\000\051}{section.1.3}% 8
\BOOKMARK [2][-]{subsection.1.3.2}{\376\377\000W\000P\0002\000:\000\040\000R\000e\000m\000o\000t\000e\000\040\000D\000e\000p\000l\000o\000y\000m\000e\000n\000t\000\040\000o\000n\000\040\000A\000W\000S\000\040\000\050\0001\0005\000\045\000\040\000e\000f\000f\000o\000r\000t\000\051}{section.1.3}% 9
\BOOKMARK [2][-]{subsection.1.3.3}{\376\377\000W\000P\0003\000:\000\040\000T\000e\000l\000e\000g\000r\000a\000m\000\040\000I\000n\000t\000e\000g\000r\000a\000t\000i\000o\000n\000\040\000\050\0001\0005\000\045\000\040\000e\000f\000f\000o\000r\000t\000\051}{section.1.3}% 10
\BOOKMARK [2][-]{subsection.1.3.4}{\376\377\000W\000P\0004\000:\000\040\000A\000g\000e\000n\000t\000\040\000F\000a\000l\000l\000b\000a\000c\000k\000\040\000\050\0001\0005\000\045\000\040\000e\000f\000f\000o\000r\000t\000\051}{section.1.3}% 11
\BOOKMARK [2][-]{subsection.1.3.5}{\376\377\000W\000P\0005\000:\000\040\000s\000t\000a\000t\000i\000c\000/\000u\000i\000\040\000P\000u\000s\000h\000\040\000\050\0001\0005\000\045\000\040\000e\000f\000f\000o\000r\000t\000\051}{section.1.3}% 12
\BOOKMARK [2][-]{subsection.1.3.6}{\376\377\000W\000P\0006\000:\000\040\000D\000o\000c\000u\000m\000e\000n\000t\000a\000t\000i\000o\000n\000\040\000\050\0001\0005\000\045\000\040\000e\000f\000f\000o\000r\000t\000\051}{section.1.3}% 13
\BOOKMARK [1][-]{section.1.4}{\376\377\000I\000s\000s\000u\000e\000s\000\040\000L\000o\000g\000g\000e\000d}{chapter.1}% 14
\BOOKMARK [2][-]{subsection.1.4.1}{\376\377\000I\000s\000s\000u\000e\000\040\000R\000e\000g\000i\000s\000t\000e\000r}{section.1.4}% 15
\BOOKMARK [2][-]{subsection.1.4.2}{\376\377\000S\000u\000m\000m\000a\000r\000y}{section.1.4}% 16
\BOOKMARK [1][-]{section.1.5}{\376\377\000L\000e\000s\000s\000o\000n\000s\000\040\000L\000e\000a\000r\000n\000e\000d}{chapter.1}% 17
\BOOKMARK [2][-]{subsection.1.5.1}{\376\377\000T\000e\000c\000h\000n\000i\000c\000a\000l}{section.1.5}% 18
\BOOKMARK [2][-]{subsection.1.5.2}{\376\377\000P\000r\000o\000c\000e\000s\000s}{section.1.5}% 19
\BOOKMARK [2][-]{subsection.1.5.3}{\376\377\000R\000e\000c\000o\000m\000m\000e\000n\000d\000a\000t\000i\000o\000n\000s}{section.1.5}% 20
\BOOKMARK [1][-]{section.1.6}{\376\377\000A\000p\000p\000r\000o\000v\000a\000l}{chapter.1}% 21
\BOOKMARK [2][-]{subsection.1.6.1}{\376\377\000S\000i\000g\000n\000-\000o\000f\000f}{section.1.6}% 22
\BOOKMARK [1][-]{section.1.7}{\376\377\000D\000o\000c\000u\000m\000e\000n\000t\000\040\000A\000u\000t\000h\000o\000r\000\050\000s\000\051\000:}{chapter.1}% 23
